// Jest Snapshot v1, https://goo.gl/fbAQLP

exports[`Should get the next of kin 1`] = `
Object {
  "address": "D021, Dementia, Ada Lovelace, OTHER",
  "birthDate": "1916-02-02",
  "carePlan": "Dementia - Respite",
  "email": "Kloe.Roberson@residents.AdaLovelace.testvillages.rymanhealthcare.com",
  "ethnicity": "NZ European",
  "gender": "unknown",
  "generalPractitionerId": "2219.2",
  "generalPractitionerName": "Arnold Leith",
  "initials": "KR",
  "maritalStatus": "Widowed",
  "name": "Kloe Roberson",
  "nextOfKins": Array [
    Object {
      "email": "Charles.Mcfadden@nok.AdaLovelace.testvillages.rymanhealthcare.com",
      "gender": "male",
      "name": "Charles Mcfadden",
      "phone": undefined,
      "relationship": "First Next-of-Kin (Son)",
    },
    Object {
      "email": "Charles.Mcfadden@nok.AdaLovelace.testvillages.rymanhealthcare.com",
      "gender": "male",
      "name": "Charles Mcfadden",
      "phone": undefined,
      "relationship": "Pending Enduring Power of Attorney",
    },
    Object {
      "email": "Willow.Marshall@nok.AdaLovelace.testvillages.rymanhealthcare.com",
      "gender": "male",
      "name": "Willow Marshall",
      "phone": undefined,
      "relationship": "EPOA Active - Personal Care & Welfare",
    },
    Object {
      "email": "Mohsin.Gill@nok.AdaLovelace.testvillages.rymanhealthcare.com",
      "gender": "male",
      "name": "Mohsin Gill",
      "phone": undefined,
      "relationship": "Pending Enduring Power of Attorney",
    },
  ],
  "nhi": "ZBP8438",
  "photo": "",
  "vcareId": "2143.19",
}
`;
